components/Chatbot.tsx(47,16): error TS2339: Property 'aistudio' does not exist on type 'Window & typeof globalThis'.
components/Chatbot.tsx(48,20): error TS2339: Property 'aistudio' does not exist on type 'Window & typeof globalThis'.
components/Chatbot.tsx(61,35): error TS2339: Property 'aistudio' does not exist on type 'Window & typeof globalThis'.
